../Core/Src/main.c:98:5:main	8	static
../Core/Src/main.c:147:6:SystemClock_Config	88	static
../Core/Src/main.c:194:13:MX_TIM5_Init	48	static
../Core/Src/main.c:242:13:MX_TIM7_Init	16	static
../Core/Src/main.c:280:13:MX_USART2_UART_Init	8	static
../Core/Src/main.c:313:13:MX_GPIO_Init	56	static
../Core/Src/main.c:452:5:__io_putchar	16	static
../Core/Src/main.c:461:6:HAL_GPIO_EXTI_Callback	16	static
../Core/Src/main.c:476:6:HAL_TIM_PeriodElapsedCallback	40	static
../Core/Src/main.c:531:7:IIRFilter	48	static
../Core/Src/main.c:553:6:Error_Handler	4	static,ignoring_inline_asm
